main.c:68:6:delay	16	static
main.c:89:5:debouncer	24	static
main.c:118:6:HAL_GPIO_EXTI_Callback	16	static
main.c:132:6:HAL_TIM_IC_CaptureCallback	16	static
main.c:166:6:HCSR04_Read	8	static
main.c:186:5:main	8	static
main.c:300:6:SystemClock_Config	88	static
main.c:344:13:MX_ADC1_Init	24	static
main.c:394:13:MX_TIM1_Init	32	static
main.c:443:13:MX_TIM2_Init	64	static
main.c:502:13:MX_TIM3_Init	64	static
main.c:561:13:MX_TIM4_Init	64	static
main.c:620:13:MX_GPIO_Init	48	static
main.c:673:6:Error_Handler	4	static,ignoring_inline_asm
